* Microsoft COBOL Version 4.5        L2.4 revision 002 22-Aug-23 10:20 Page   1
*                                       EX01.CBL
* Options: LIST(EX01.LST) ASMLIST(EX01.GRP)
     1 IDENTIFICATION DIVISION.
     2 PROGRAM-ID.   EX01.
     3 AUTHOR.       GABRIEL GOMES DA CRUZ.
     4 INSTALLATION. FATEC-SP.
     5 DATE-WRITTEN. 22/08/2023.
     6 DATE-COMPILED. 22-Aug-23 10:20.
     7 SECURITY. APENAS O AUTOR PODE MODIFICA-LO.
     8*REMARKS. LE OS REGISTROS DO ARQUIVO DE ENTRADA
     9*         CAD-ENT (CODIGO, NOME E SEXO) E GRAVA NO
    10*         ARQUIVO DE SAIDA CAD-SAI (CODIGO E NOME).
    11
    12 ENVIRONMENT DIVISION.
    13 CONFIGURATION SECTION.
    14 SOURCE-COMPUTER. HP-PC.
    15 OBJECT-COMPUTER. HP-PC.
    16 SPECIAL-NAMES.   DECIMAL-POINT IS COMMA.
    17 INPUT-OUTPUT SECTION.
    18 FILE-CONTROL.
    19     SELECT CADCLI1 ASSIGN TO DISK
    20      ORGANIZATION IS LINE SEQUENTIAL.
    21     SELECT CADCLI2 ASSIGN TO DISK
    22      ORGANIZATION IS LINE SEQUENTIAL.
    23
    24 DATA DIVISION.
    25 FILE SECTION.
    26     FD CADCLI1
    27      LABEL RECORD ARE STANDARD
    28      VALUE OF FILE-ID IS "CADCLI1.DAT".
    29     01 REG-ENT.
    30     02 COD-ENT  PIC 9(05).
    31     02 NOME-ENT PIC X(20).
    32     FD CADCLI2
    33      LABEL RECORD ARE STANDARD
    34      VALUE OF FILE-ID IS "CADCLI2.DAT".
    35     01 REG-SAI.
    36     02 NOME-SAI PIC X(20).
    37     02 COD-SAI  PIC 9(05).
    38 WORKING-STORAGE SECTION.
    39     77 FIM-ARQ PIC X(03) VALUE "NAO".
    40
    41 PROCEDURE DIVISION.
    42 PGM-EXEMPLO01.
    43     PERFORM INICIO.
    44     PERFORM PRINCIPAL UNTIL FIM-ARQ EQUAL "SIM".
    45     PERFORM TERMINO.
    46     STOP RUN.
    47 INICIO.
    48     OPEN INPUT CADCLI1 OUTPUT CADCLI2.
    49     PERFORM LEITURA.
    50
    51 LEITURA.
    52     READ CADCLI1 AT END MOVE "SIM" TO FIM-ARQ.
    53
    54 PRINCIPAL.
    55     PERFORM GRAVACAO.
    56     PERFORM LEITURA.
    57
* Microsoft COBOL Version 4.5        L2.4 revision 002 22-Aug-23 10:20 Page   2
*                                       EX01.CBL
    58 GRAVACAO.
    59     MOVE COD-ENT TO COD-SAI.
    60     MOVE NOME-ENT TO NOME-SAI.
    61     WRITE REG-SAI.
    62
    63 TERMINO.
    64     CLOSE CADCLI1
    65     CADCLI2.
* Microsoft COBOL Version 4.5        L2.4 revision 002
* (C)Copyright Microsoft Corp 1984, 1991       URN AXUPA/MS0/000000
*                                              REF GNB-024050002A7
*
* Total Messages:     0
* Data:        1016     Code:         313     Dictionary:        1017
