* Microsoft COBOL Version 4.5        L2.4 revision 002 06-Sep-23 19:17 Page   1
*                                       EX05.CBL
* Options: LIST(EX05.LST) ASMLIST(EX05.GRP)
     1 IDENTIFICATION DIVISION.
     2 PROGRAM-ID.      EX05.
     3 AUTHOR.          GABRIEL GOMES DA CRUZ.
     4 INSTALLATION.    FATEC-SP.
     5 DATE-WRITTEN.    06/09/2023.
     6 DATE-COMPILED. 06-Sep-23 19:17.
     7 SECURITY. APENAS O AUTOR PODE MODIFICAR.
     8*REMARKS.
     9
    10 ENVIRONMENT DIVISION.
    11 CONFIGURATION SECTION.
    12     SOURCE-COMPUTER.   ACER-PC.
    13     OBJECT-COMPUTER.   IBM-PC.
    14     SPECIAL-NAMES. DECIMAL-POINT IS COMMA.
    15
    16 INPUT-OUTPUT SECTION.
    17     FILE-CONTROL.
    18     SELECT CADALU ASSIGN TO DISK ORGANIZATION
    19         IS LINE SEQUENTIAL.
    20     SELECT CADAPR ASSIGN TO DISK ORGANIZATION
    21         IS LINE SEQUENTIAL.
    22
    23 DATA DIVISION.
    24 FILE SECTION.
    25     FD CADALU LABEL RECORD ARE STANDARD VALUE OF FILE-ID
    26         IS "CADALU.DAT".
    27
    28     01 REG-ENT.
    29     02 NUM-ENT      PIC 9(05).
    30     02 NOME-ENT     PIC X(20).
    31     02 NOTA1-ENT    PIC 9(02)V99.
    32     02 NOTA2-ENT    PIC 9(02)V99.
    33     02 FALTAS-ENT   PIC 9(02).
    34
    35     FD CADAPR LABEL RECORD ARE STANDARD VALUE OF FILE-ID
    36         IS "CADAPR.DAT".
    37
    38     01 REG-SAI.
    39     02 NUM-SAI      PIC 9(05).
    40     02 NOME-SAI     PIC X(20).
    41     02 MEDIA-SAI    PIC 9(02)V99.
    42
    43 WORKING-STORAGE SECTION.
    44     77 FIM-ARQ PIC X(03) VALUE "NAO".
    45     77 SOMA-NOTA PIC 9(02)V99.
    46     77 WMEDIA PIC 9(02)V99.
    47
    48 PROCEDURE DIVISION.
    49 PGM-EX05.
    50     PERFORM INICIO.
    51     PERFORM PRINCIPAL UNTIL FIM-ARQ EQUAL "SIM".
    52     PERFORM TERMINO.
    53     STOP RUN.
    54
    55 INICIO.
    56     OPEN INPUT CADALU OUTPUT CADAPR.
    57     PERFORM LEITURA.
* Microsoft COBOL Version 4.5        L2.4 revision 002 06-Sep-23 19:17 Page   2
*                                       EX05.CBL
    58
    59 LEITURA.
    60     READ CADALU AT END MOVE "SIM" TO FIM-ARQ.
    61
    62 PRINCIPAL.
    63     PERFORM CALCMEDIA.
    64     PERFORM SELECAO.
    65     PERFORM LEITURA.
    66
    67 CALCMEDIA.
    68     ADD NOTA1-ENT NOTA2-ENT GIVING SOMA-NOTA.
    69     DIVIDE SOMA-NOTA BY 2 GIVING WMEDIA.
    70
    71 SELECAO.
    72     IF WMEDIA NOT LESS THAN 7,00 AND
    73         FALTAS-ENT NOT GREATER THAN 18
    74        PERFORM GRAVACAO.
    75
    76 GRAVACAO.
    77     MOVE NUM-ENT TO NUM-SAI.
    78     MOVE NOME-ENT TO NOME-SAI.
    79     MOVE WMEDIA TO MEDIA-SAI.
    80     WRITE REG-SAI.
    81
    82 TERMINO.
    83     CLOSE CADALU CADAPR.
    84
    85
    86
    87
    88
* Microsoft COBOL Version 4.5        L2.4 revision 002
* (C)Copyright Microsoft Corp 1984, 1991       URN AXUPA/MS0/000000
*                                              REF GNB-024050002A7
*
* Total Messages:     0
* Data:        1048     Code:         378     Dictionary:        1308
