* Microsoft COBOL Version 4.5        L2.4 revision 002 13-Oct-23 19:57 Page   1
*                                       EX02.CBL
* Options: LIST(EX02.LST) ASMLIST(EX02.GRP)
     1 IDENTIFICATION DIVISION.
     2 PROGRAM-ID. EX02.
     3 AUTHOR. GABRIEL GOMES DA CRUZ / LUIZ HENRIQUE DE SANTANA.
     4 INSTALLATION. FATEC-SP.
     5 DATE-WRITTEN. 10/10/2023.
     6 DATE-COMPILED. 13-Oct-23 19:57.
     7 SECURITY. APENAS O AUTOR PODE MODIFICAR.
     8*REMARKS.  LER OS DADOS DO ARQUIVO DE ENTRADA CADCLI1 E GRAVAR
     9*          NO ARQUIVO DE SAI RELCLI OS CLIENTES DE 2010 A 2011.
    10
    11 ENVIRONMENT DIVISION.
    12 CONFIGURATION SECTION.
    13     SOURCE-COMPUTER. IBM-PC.
    14     OBJECT-COMPUTER. IBM-PC.
    15     SPECIAL-NAMES.   DECIMAL-POINT IS COMMA.
    16
    17 INPUT-OUTPUT SECTION.
    18 FILE-CONTROL.
    19     SELECT CADCLI1 ASSIGN TO DISK ORGANIZATION IS
    20         LINE SEQUENTIAL.
    21     SELECT RELCLI ASSIGN TO DISK.
    22
    23 DATA DIVISION.
    24 FILE SECTION.
    25 FD CADCLI1 LABEL RECORD ARE STANDARD VALUE OF FILE-ID IS
    26     "CADCLI1.DAT".
    27
    28     01 REG-ENT.
    29       02 CPF-CLIE-ENT      PIC 9(11).
    30       02 NOME-CLIE-ENT     PIC X(30).
    31       02 ESTADO-ENT        PIC X(02).
    32       02 CIDADE-ENT        PIC X(30).
    33       02 TELL-ENT          PIC 9(08).
    34       02 TELL-FORMATADO REDEFINES TELL-ENT.
    35         03 TELL-PREFIXO    PIC 9999.
    36         03 TELL-SUFIXO     PIC 9999.
    37       02 DT-ULT-VISIT-ENT.
    38         03 DD-ENT    PIC 9(02).
    39         03 MM-ENT    PIC 9(02).
    40         03 AAAA-ENT  PIC 9(04).
    41
    42 FD RELCLI LABEL RECORD IS OMITTED.
    43     01 REL-CLI PIC X(80).
    44
    45 WORKING-STORAGE SECTION.
    46     77 FIM-ARQ PIC X(03) VALUE "NAO".
    47     77 CT-LIN PIC 9(02) VALUE 26.
    48     77 CT-PAG PIC 9(02) VALUE ZEROS.
    49     77 CT-CLIE PIC 9(02) VALUE ZEROS.
    50
    51     01 CAB-01.
    52       02 FILLER PIC X(70) VALUE SPACES.
    53       02 FILLER PIC X(05) VALUE "Pag. ".
    54       02 CAB-PAG PIC 9(02).
    55       02 FILLER PIC X(03) VALUE SPACES.
    56
    57     01 CAB-02.
* Microsoft COBOL Version 4.5        L2.4 revision 002 13-Oct-23 19:57 Page   2
*                                       EX02.CBL
    58       02 FILLER PIC X(32) VALUE SPACES.
    59       02 FILLER PIC X(17) VALUE "TURISMAR TURISMOS".
    60       02 FILLER PIC X(01) VALUE SPACES.
    61       02 FILLER PIC X(32) VALUE SPACES.
    62
    63     01 CAB-03.
    64       02 FILLER PIC X(22) VALUE SPACES.
    65       02 FILLER PIC X(24) VALUE "CLIENTES NO PERIODO DE: ".
    66       02 FILLER PIC X(11) VALUE "2010 A 2011".
    67       02 FILLER PIC X(01) VALUE SPACES.
    68       02 FILLER PIC X(22) VALUE SPACES.
    69
    70     01 CAB-04.
    71       02 FILLER PIC X(18) VALUE SPACES.
    72       02 FILLER PIC X(04) VALUE "NOME".
    73       02 FILLER PIC X(22) VALUE SPACES.
    74       02 FILLER PIC X(06) VALUE "ESTADO".
    75       02 FILLER PIC X(13) VALUE SPACES.
    76       02 FILLER PIC X(08) VALUE "TELEFONE".
    77       02 FILLER PIC X(09) VALUE SPACES.
    78
    79     01 CAB-05.
    80       02 FILLER PIC X(80) VALUE ALL "-".
    81
    82     01 ROD-01.
    83       02 FILLER PIC X(05) VALUE SPACES.
    84       02 FILLER PIC X(19) VALUE "Total de Clientes: ".
    85       02 ROD-TOT-CLIE PIC 9(05).
    86       02 FILLER PIC X(51) VALUE SPACES.
    87
    88     01 DETALHE.
    89       02 FILLER PIC X(06) VALUE SPACES.
    90       02 DET-NOME PIC X(30).
    91       02 FILLER PIC X(10) VALUE SPACES.
    92       02 DET-ESTADO PIC X(02).
    93       02 FILLER PIC X(14) VALUE SPACES.
    94       02 DET-TELL-PREFIXO PIC 9999.
    95       02 FILLER PIC X VALUE "-".
    96       02 DET-TELL-SUFIXO PIC 9999.
    97       02 FILLER PIC X(09) VALUE SPACES.
    98
    99 PROCEDURE DIVISION.
   100 PGM-EX02.
   101     PERFORM INICIO.
   102     PERFORM PRINCIPAL UNTIL FIM-ARQ EQUAL "SIM".
   103     PERFORM TERMINO.
   104     STOP RUN.
   105
   106 INICIO.
   107     OPEN INPUT CADCLI1 OUTPUT RELCLI.
   108     PERFORM LEITURA.
   109
   110 LEITURA.
   111     READ CADCLI1 AT END MOVE "SIM" TO FIM-ARQ.
   112
   113 PRINCIPAL.
   114     PERFORM GRAVACAO.
   115     PERFORM LEITURA.
* Microsoft COBOL Version 4.5        L2.4 revision 002 13-Oct-23 19:57 Page   3
*                                       EX02.CBL
   116     IF FIM-ARQ EQUAL "SIM"
   117         PERFORM RODAPE.
   118
   119 GRAVACAO.
   120     IF CT-LIN GREATER THAN 25
   121         PERFORM CABECALHO.
   122     IF AAAA-ENT EQUAL 2011 OR AAAA-ENT EQUAL 2010
   123         PERFORM IMPRIME-DETALHE.
   124
   125 CABECALHO.
   126     ADD 1 TO CT-PAG.
   127     MOVE 1 TO CT-LIN.
   128     MOVE CT-PAG TO CAB-PAG.
   129     MOVE SPACES TO REL-CLI.
   130     WRITE REL-CLI AFTER ADVANCING PAGE.
   131     WRITE REL-CLI FROM CAB-01 AFTER ADVANCING 1 LINE.
   132     WRITE REL-CLI FROM CAB-02 AFTER ADVANCING 1 LINES.
   133     WRITE REL-CLI FROM CAB-03 AFTER ADVANCING 3 LINES.
   134     WRITE REL-CLI FROM CAB-04 AFTER ADVANCING 3 LINES.
   135     WRITE REL-CLI FROM CAB-05 AFTER ADVANCING 1 LINES.
   136     MOVE SPACES TO REL-CLI.
   137     WRITE REL-CLI AFTER ADVANCING 1 LINE.
   138
   139 RODAPE.
   140     MOVE CT-CLIE TO ROD-TOT-CLIE.
   141     WRITE REL-CLI FROM ROD-01 AFTER ADVANCING 3 LINES.
   142
   143 IMPRIME-DETALHE.
   144     MOVE NOME-CLIE-ENT TO DET-NOME.
   145     MOVE ESTADO-ENT TO DET-ESTADO.
   146     MOVE TELL-PREFIXO TO DET-TELL-PREFIXO.
   147     MOVE TELL-SUFIXO TO DET-TELL-SUFIXO.
   148     WRITE REL-CLI FROM DETALHE AFTER ADVANCING 1 LINE.
   149     ADD 1 TO CT-LIN.
   150     ADD 1 TO CT-CLIE.
   151
   152 TERMINO.
   153     CLOSE CADCLI1 RELCLI.
* Microsoft COBOL Version 4.5        L2.4 revision 002
* (C)Copyright Microsoft Corp 1984, 1991       URN AXUPA/MS0/000000
*                                              REF GNB-024050002A7
*
* Total Messages:     0
* Data:        1732     Code:         747     Dictionary:        2144
