* Microsoft COBOL Version 4.5        L2.4 revision 002 06-Sep-23 20:01 Page   1
*                                       EX06.CBL
* Options: LIST(EX06.LST) ASMLIST(EX06.GRP)
     1 IDENTIFICATION DIVISION.
     2 PROGRAM-ID.      EX06.
     3 AUTHOR.          GABRIEL GOMES DA CRUZ.
     4 INSTALLATION.    FATEC-SP.
     5 DATE-WRITTEN.    06/09/2023.
     6 DATE-COMPILED. 06-Sep-23 20:01.
     7 SECURITY. APENAS O AUTOR PODE MODIFICAR.
     8*REMARKS.  LER O ARQUIVO DE ENTRADA CADENT (MATRICULA, NOME E
     9*          SALARIO BRUTO) E GRAVAR O ARQUIVO DE SAIDA CADSAI
    10*          (MATRICULA, NOME E SALARIO BRUTO) SE TIVER
    11*          SALARIO BRUTO >= 3000,00.
    12
    13 ENVIRONMENT DIVISION.
    14 CONFIGURATION SECTION.
    15     SOURCE-COMPUTER.   ACER-PC.
    16     OBJECT-COMPUTER.   HP-PC.
    17     SPECIAL-NAMES. DECIMAL-POINT IS COMMA.
    18
    19 INPUT-OUTPUT SECTION.
    20     FILE-CONTROL.
    21     SELECT CADENT ASSIGN TO DISK ORGANIZATION
    22         IS LINE SEQUENTIAL.
    23     SELECT CADSAI ASSIGN TO DISK ORGANIZATION
    24         IS LINE SEQUENTIAL.
    25
    26 DATA DIVISION.
    27 FILE SECTION.
    28     FD CADENT LABEL RECORD ARE STANDARD VALUE OF FILE-ID
    29         IS "CADENT.DAT".
    30
    31     01 REG-ENT.
    32     02 MATRICULA-ENT    PIC 9(05).
    33     02 NOME-ENT         PIC X(30).
    34     02 SAL-BRUT-ENT     PIC 9(05)V99.
    35
    36     FD CADSAI LABEL RECORD ARE STANDARD VALUE OF FILE-ID
    37         IS "CADSAI.DAT".
    38
    39     01 REG-SAI.
    40     02 MATRICULA-SAI    PIC 9(05).
    41     02 NOME-SAI         PIC X(30).
    42     02 SAL-BRUT-SAI     PIC 9(05)V99.
    43
    44 WORKING-STORAGE SECTION.
    45     77 FIM-ARQ PIC X(03) VALUE "NAO".
    46
    47 PROCEDURE DIVISION.
    48 PGM-EX06.
    49     PERFORM INICIO.
    50     PERFORM PRINCIPAL UNTIL FIM-ARQ EQUAL "SIM".
    51     PERFORM TERMINO.
    52     STOP RUN.
    53
    54 INICIO.
    55     OPEN INPUT CADENT OUTPUT CADSAI.
    56     PERFORM LEITURA.
    57
* Microsoft COBOL Version 4.5        L2.4 revision 002 06-Sep-23 20:01 Page   2
*                                       EX06.CBL
    58 LEITURA.
    59     READ CADENT AT END MOVE "SIM" TO FIM-ARQ.
    60
    61 PRINCIPAL.
    62     PERFORM SELECAO.
    63     PERFORM LEITURA.
    64
    65 SELECAO.
    66     IF SAL-BRUT-ENT GREATER THAN 3000,00
    67         PERFORM GRAVACAO.
    68
    69 GRAVACAO.
    70     MOVE MATRICULA-ENT TO MATRICULA-SAI.
    71     MOVE NOME-ENT TO NOME-SAI.
    72     MOVE SAL-BRUT-ENT TO SAL-BRUT-SAI.
    73     WRITE REG-SAI.
    74
    75 TERMINO.
    76     CLOSE CADENT CADSAI.
* Microsoft COBOL Version 4.5        L2.4 revision 002
* (C)Copyright Microsoft Corp 1984, 1991       URN AXUPA/MS0/000000
*                                              REF GNB-024050002A7
*
* Total Messages:     0
* Data:        1048     Code:         341     Dictionary:        1118
